<html>
<body>
<pre>
<h1>µVision Build Log</h1>
<h2>Tool Versions:</h2>
IDE-Version: µVision V5.25.2.0
Copyright (C) 2018 ARM Ltd and ARM Germany GmbH. All rights reserved.
License Information: mohamadreza sabeghi, mo.sa, LIC=ATTRA-1EIXT-KP3ZY-IKEUJ-L92MK-Y1GBW
 
Tool Versions:
Toolchain:       MDK-ARM Plus  Version: 5.25.2.0
Toolchain Path:  C:\Keil_v5\ARM\ARMCC\Bin
C Compiler:      Armcc.exe V5.06 update 6 (build 750)
Assembler:       Armasm.exe V5.06 update 6 (build 750)
Linker/Locator:  ArmLink.exe V5.06 update 6 (build 750)
Library Manager: ArmAr.exe V5.06 update 6 (build 750)
Hex Converter:   FromElf.exe V5.06 update 6 (build 750)
CPU DLL:         SARMCM3.DLL V5.25.2.0
Dialog DLL:      DCM.DLL V1.17.1.0
Target DLL:      STLink\ST-LINKIII-KEIL_SWO.dll V3.0.1.0
Dialog DLL:      TCM.DLL V1.35.1.0
 
<h2>Project:</h2>
D:\admins\ms\Sem6\MicroProcessor\Project3\MDK-ARM\Project3.uvprojx
Project File Date:  07/09/2019

<h2>Output:</h2>
*** Using Compiler 'V5.06 update 6 (build 750)', folder: 'C:\Keil_v5\ARM\ARMCC\Bin'
Build target 'Project3'
compiling main.c...
../Src/main.c(204): warning:  #223-D: function "strcat" declared implicitly
  	strcat(name,"*");
../Src/main.c(211): warning:  #223-D: function "strcpy" declared implicitly
  	strcpy(temp," ");
../Src/main.c(318): warning:  #1294-D: Old-style function collision
  int collision(i){
../Src/main.c(318): warning:  #1079-D: standard requires that parameter "i"  be given a type by a subsequent declaration ("int" assumed)
  int collision(i){
../Src/main.c(395): warning:  #223-D: function "rand" declared implicitly
  		zombies[i].time = (rand()%5)+gameTime;
../Src/main.c(455): warning:  #223-D: function "rand" declared implicitly
  	int x = rand() % 100;
../Src/main.c(574): warning:  #188-D: enumerated type mixed with another type
  		HAL_GPIO_WritePin(GPIOD,GPIO_PIN_1,1);
../Src/main.c(576): warning:  #188-D: enumerated type mixed with another type
  		HAL_GPIO_WritePin(GPIOD,GPIO_PIN_1,0);
../Src/main.c(577): warning:  #188-D: enumerated type mixed with another type
  	HAL_GPIO_WritePin(GPIOD,GPIO_PIN_0,d4);  
../Src/main.c(578): warning:  #188-D: enumerated type mixed with another type
    HAL_GPIO_WritePin(GPIOC,GPIO_PIN_12,d3);
../Src/main.c(579): warning:  #188-D: enumerated type mixed with another type
    HAL_GPIO_WritePin(GPIOC,GPIO_PIN_11,d2);
../Src/main.c(580): warning:  #188-D: enumerated type mixed with another type
    HAL_GPIO_WritePin(GPIOC,GPIO_PIN_10,d1);
../Src/main.c(583): warning:  #188-D: enumerated type mixed with another type
  	HAL_GPIO_WritePin(GPIOC,GPIO_PIN_9,binsDigit[0]);
../Src/main.c(584): warning:  #188-D: enumerated type mixed with another type
    HAL_GPIO_WritePin(GPIOA,GPIO_PIN_8,binsDigit[1]);
../Src/main.c(585): warning:  #188-D: enumerated type mixed with another type
    HAL_GPIO_WritePin(GPIOA,GPIO_PIN_9,binsDigit[2]);
../Src/main.c(586): warning:  #188-D: enumerated type mixed with another type
    HAL_GPIO_WritePin(GPIOA,GPIO_PIN_10,binsDigit[3]);
../Src/main.c: 16 warnings, 0 errors
linking...
Program Size: Code=27992 RO-data=520 RW-data=276 ZI-data=9316  
FromELF: creating hex file...
"Project3\Project3.axf" - 0 Error(s), 16 Warning(s).

<h2>Software Packages used:</h2>

Package Vendor: ARM
                http://www.keil.com/pack/ARM.CMSIS.5.3.0.pack
                ARM.CMSIS.5.3.0
                CMSIS (Cortex Microcontroller Software Interface Standard)
   * Component: CORE Version: 5.1.1

Package Vendor: Keil
                http://www.keil.com/pack/Keil.STM32F3xx_DFP.2.1.0.pack
                Keil.STM32F3xx_DFP.2.1.0
                STMicroelectronics STM32F3 Series Device Support and Examples

<h2>Collection of Component include folders:</h2>
  .\RTE\_Project3
  C:\Keil_v5\ARM\PACK\ARM\CMSIS\5.3.0\CMSIS\Include
  C:\Keil_v5\ARM\PACK\Keil\STM32F3xx_DFP\2.1.0\Drivers\CMSIS\Device\ST\STM32F3xx\Include

<h2>Collection of Component Files used:</h2>

   * Component: ARM::CMSIS:CORE:5.1.1
Build Time Elapsed:  00:00:09
</pre>
</body>
</html>
