<html>
<body>
<pre>
<h1>µVision Build Log</h1>
<h2>Tool Versions:</h2>
IDE-Version: µVision V5.25.2.0
Copyright (C) 2018 ARM Ltd and ARM Germany GmbH. All rights reserved.
License Information: mohamadreza sabeghi, mo.sa, LIC=ATTRA-1EIXT-KP3ZY-IKEUJ-L92MK-Y1GBW
 
Tool Versions:
Toolchain:       MDK-ARM Plus  Version: 5.25.2.0
Toolchain Path:  C:\Keil_v5\ARM\ARMCC\Bin
C Compiler:      Armcc.exe V5.06 update 6 (build 750)
Assembler:       Armasm.exe V5.06 update 6 (build 750)
Linker/Locator:  ArmLink.exe V5.06 update 6 (build 750)
Library Manager: ArmAr.exe V5.06 update 6 (build 750)
Hex Converter:   FromElf.exe V5.06 update 6 (build 750)
CPU DLL:         SARMCM3.DLL V5.25.2.0
Dialog DLL:      DCM.DLL V1.17.1.0
Target DLL:      STLink\ST-LINKIII-KEIL_SWO.dll V3.0.1.0
Dialog DLL:      TCM.DLL V1.35.1.0
 
<h2>Project:</h2>
D:\admins\ms\Sem6\MicroProcessor\Project3\MDK-ARM\Project3.uvprojx
Project File Date:  07/09/2019

<h2>Output:</h2>
*** Using Compiler 'V5.06 update 6 (build 750)', folder: 'C:\Keil_v5\ARM\ARMCC\Bin'
Build target 'Project3'
compiling stm32f3xx_it.c...
../Src/stm32f3xx_it.c(88): warning:  #1295-D: Deprecated declaration blinking - give arg types
  extern void blinking();
../Src/stm32f3xx_it.c(90): warning:  #1295-D: Deprecated declaration menuInit - give arg types
  extern void menuInit();
../Src/stm32f3xx_it.c(91): warning:  #1295-D: Deprecated declaration gameLogic - give arg types
  extern void gameLogic();
../Src/stm32f3xx_it.c(92): warning:  #1295-D: Deprecated declaration showPrologue - give arg types
  extern void showPrologue();
../Src/stm32f3xx_it.c(93): warning:  #1295-D: Deprecated declaration clearScreen - give arg types
  extern void clearScreen();
../Src/stm32f3xx_it.c(94): warning:  #1295-D: Deprecated declaration reverse_count - give arg types
  extern void reverse_count();
../Src/stm32f3xx_it.c(95): warning:  #1295-D: Deprecated declaration initZombies - give arg types
  extern void initZombies();
../Src/stm32f3xx_it.c(96): warning:  #1295-D: Deprecated declaration loseInit - give arg types
  extern void loseInit();
../Src/stm32f3xx_it.c(97): warning:  #1295-D: Deprecated declaration winInit - give arg types
  extern void winInit();
../Src/stm32f3xx_it.c(98): warning:  #1295-D: Deprecated declaration getName - give arg types
  extern void getName();
../Src/stm32f3xx_it.c(100): warning:  #1295-D: Deprecated declaration bonusCreate - give arg types
  extern void bonusCreate();
../Src/stm32f3xx_it.c(101): warning:  #1295-D: Deprecated declaration createSaveData - give arg types
  extern void createSaveData();
../Src/stm32f3xx_it.c(103): warning:  #1295-D: Deprecated declaration graphicDrawer - give arg types
  extern void graphicDrawer();
../Src/stm32f3xx_it.c(104): warning:  #1295-D: Deprecated declaration graphicCleaner - give arg types
  extern void graphicCleaner();
../Src/stm32f3xx_it.c(105): warning:  #1295-D: Deprecated declaration graphicOneTwoThree - give arg types
  extern void graphicOneTwoThree();
../Src/stm32f3xx_it.c(106): warning:  #1295-D: Deprecated declaration showAbout - give arg types
  extern void showAbout();
../Src/stm32f3xx_it.c(275): warning:  #188-D: enumerated type mixed with another type
  			HAL_GPIO_WritePin(GPIOD,GPIO_PIN_4,1);
../Src/stm32f3xx_it.c(276): warning:  #188-D: enumerated type mixed with another type
  			HAL_GPIO_WritePin(GPIOD,GPIO_PIN_5,0);
../Src/stm32f3xx_it.c(277): warning:  #188-D: enumerated type mixed with another type
  			HAL_GPIO_WritePin(GPIOD,GPIO_PIN_6,0);
../Src/stm32f3xx_it.c(278): warning:  #188-D: enumerated type mixed with another type
  			HAL_GPIO_WritePin(GPIOD,GPIO_PIN_7,0);		
../Src/stm32f3xx_it.c(281): warning:  #188-D: enumerated type mixed with another type
  			HAL_GPIO_WritePin(GPIOD,GPIO_PIN_4,0);
../Src/stm32f3xx_it.c(282): warning:  #188-D: enumerated type mixed with another type
  			HAL_GPIO_WritePin(GPIOD,GPIO_PIN_5,1);
../Src/stm32f3xx_it.c(283): warning:  #188-D: enumerated type mixed with another type
  			HAL_GPIO_WritePin(GPIOD,GPIO_PIN_6,0);
../Src/stm32f3xx_it.c(284): warning:  #188-D: enumerated type mixed with another type
  			HAL_GPIO_WritePin(GPIOD,GPIO_PIN_7,0);
../Src/stm32f3xx_it.c(287): warning:  #188-D: enumerated type mixed with another type
  			HAL_GPIO_WritePin(GPIOD,GPIO_PIN_4,0);
../Src/stm32f3xx_it.c(288): warning:  #188-D: enumerated type mixed with another type
  			HAL_GPIO_WritePin(GPIOD,GPIO_PIN_5,0);
../Src/stm32f3xx_it.c(289): warning:  #188-D: enumerated type mixed with another type
  			HAL_GPIO_WritePin(GPIOD,GPIO_PIN_6,1);
../Src/stm32f3xx_it.c(290): warning:  #188-D: enumerated type mixed with another type
  			HAL_GPIO_WritePin(GPIOD,GPIO_PIN_7,0);	
../Src/stm32f3xx_it.c(293): warning:  #188-D: enumerated type mixed with another type
  			HAL_GPIO_WritePin(GPIOD,GPIO_PIN_4,0);
../Src/stm32f3xx_it.c(294): warning:  #188-D: enumerated type mixed with another type
  			HAL_GPIO_WritePin(GPIOD,GPIO_PIN_5,0);
../Src/stm32f3xx_it.c(295): warning:  #188-D: enumerated type mixed with another type
  			HAL_GPIO_WritePin(GPIOD,GPIO_PIN_6,0);
../Src/stm32f3xx_it.c(296): warning:  #188-D: enumerated type mixed with another type
  			HAL_GPIO_WritePin(GPIOD,GPIO_PIN_7,1);
../Src/stm32f3xx_it.c(307): warning:  #223-D: function "memset" declared implicitly
  				memset(name, 0, 1000 * (sizeof name[0]) );
../Src/stm32f3xx_it.c(359): warning:  #188-D: enumerated type mixed with another type
  		HAL_GPIO_WritePin(GPIOD,GPIO_PIN_4,1);
../Src/stm32f3xx_it.c(360): warning:  #188-D: enumerated type mixed with another type
  		HAL_GPIO_WritePin(GPIOD,GPIO_PIN_5,1);
../Src/stm32f3xx_it.c(361): warning:  #188-D: enumerated type mixed with another type
  		HAL_GPIO_WritePin(GPIOD,GPIO_PIN_6,1);
../Src/stm32f3xx_it.c(362): warning:  #188-D: enumerated type mixed with another type
  		HAL_GPIO_WritePin(GPIOD,GPIO_PIN_7,1);
../Src/stm32f3xx_it.c(380): warning:  #188-D: enumerated type mixed with another type
  			HAL_GPIO_WritePin(GPIOD,GPIO_PIN_4,1);
../Src/stm32f3xx_it.c(381): warning:  #188-D: enumerated type mixed with another type
  			HAL_GPIO_WritePin(GPIOD,GPIO_PIN_5,0);
../Src/stm32f3xx_it.c(382): warning:  #188-D: enumerated type mixed with another type
  			HAL_GPIO_WritePin(GPIOD,GPIO_PIN_6,0);
../Src/stm32f3xx_it.c(383): warning:  #188-D: enumerated type mixed with another type
  			HAL_GPIO_WritePin(GPIOD,GPIO_PIN_7,0);		
../Src/stm32f3xx_it.c(386): warning:  #188-D: enumerated type mixed with another type
  			HAL_GPIO_WritePin(GPIOD,GPIO_PIN_4,0);
../Src/stm32f3xx_it.c(387): warning:  #188-D: enumerated type mixed with another type
  			HAL_GPIO_WritePin(GPIOD,GPIO_PIN_5,1);
../Src/stm32f3xx_it.c(388): warning:  #188-D: enumerated type mixed with another type
  			HAL_GPIO_WritePin(GPIOD,GPIO_PIN_6,0);
../Src/stm32f3xx_it.c(389): warning:  #188-D: enumerated type mixed with another type
  			HAL_GPIO_WritePin(GPIOD,GPIO_PIN_7,0);
../Src/stm32f3xx_it.c(392): warning:  #188-D: enumerated type mixed with another type
  			HAL_GPIO_WritePin(GPIOD,GPIO_PIN_4,0);
../Src/stm32f3xx_it.c(393): warning:  #188-D: enumerated type mixed with another type
  			HAL_GPIO_WritePin(GPIOD,GPIO_PIN_5,0);
../Src/stm32f3xx_it.c(394): warning:  #188-D: enumerated type mixed with another type
  			HAL_GPIO_WritePin(GPIOD,GPIO_PIN_6,1);
../Src/stm32f3xx_it.c(395): warning:  #188-D: enumerated type mixed with another type
  			HAL_GPIO_WritePin(GPIOD,GPIO_PIN_7,0);	
../Src/stm32f3xx_it.c(398): warning:  #188-D: enumerated type mixed with another type
  			HAL_GPIO_WritePin(GPIOD,GPIO_PIN_4,0);
../Src/stm32f3xx_it.c(399): warning:  #188-D: enumerated type mixed with another type
  			HAL_GPIO_WritePin(GPIOD,GPIO_PIN_5,0);
../Src/stm32f3xx_it.c(400): warning:  #188-D: enumerated type mixed with another type
  			HAL_GPIO_WritePin(GPIOD,GPIO_PIN_6,0);
../Src/stm32f3xx_it.c(401): warning:  #188-D: enumerated type mixed with another type
  			HAL_GPIO_WritePin(GPIOD,GPIO_PIN_7,1);
../Src/stm32f3xx_it.c(498): warning:  #188-D: enumerated type mixed with another type
  		HAL_GPIO_WritePin(GPIOD,GPIO_PIN_4,1);
../Src/stm32f3xx_it.c(499): warning:  #188-D: enumerated type mixed with another type
  		HAL_GPIO_WritePin(GPIOD,GPIO_PIN_5,1);
../Src/stm32f3xx_it.c(500): warning:  #188-D: enumerated type mixed with another type
  		HAL_GPIO_WritePin(GPIOD,GPIO_PIN_6,1);
../Src/stm32f3xx_it.c(501): warning:  #188-D: enumerated type mixed with another type
  		HAL_GPIO_WritePin(GPIOD,GPIO_PIN_7,1);
../Src/stm32f3xx_it.c(519): warning:  #188-D: enumerated type mixed with another type
  			HAL_GPIO_WritePin(GPIOD,GPIO_PIN_4,1);
../Src/stm32f3xx_it.c(520): warning:  #188-D: enumerated type mixed with another type
  			HAL_GPIO_WritePin(GPIOD,GPIO_PIN_5,0);
../Src/stm32f3xx_it.c(521): warning:  #188-D: enumerated type mixed with another type
  			HAL_GPIO_WritePin(GPIOD,GPIO_PIN_6,0);
../Src/stm32f3xx_it.c(522): warning:  #188-D: enumerated type mixed with another type
  			HAL_GPIO_WritePin(GPIOD,GPIO_PIN_7,0);		
../Src/stm32f3xx_it.c(525): warning:  #188-D: enumerated type mixed with another type
  			HAL_GPIO_WritePin(GPIOD,GPIO_PIN_4,0);
../Src/stm32f3xx_it.c(526): warning:  #188-D: enumerated type mixed with another type
  			HAL_GPIO_WritePin(GPIOD,GPIO_PIN_5,1);
../Src/stm32f3xx_it.c(527): warning:  #188-D: enumerated type mixed with another type
  			HAL_GPIO_WritePin(GPIOD,GPIO_PIN_6,0);
../Src/stm32f3xx_it.c(528): warning:  #188-D: enumerated type mixed with another type
  			HAL_GPIO_WritePin(GPIOD,GPIO_PIN_7,0);
../Src/stm32f3xx_it.c(531): warning:  #188-D: enumerated type mixed with another type
  			HAL_GPIO_WritePin(GPIOD,GPIO_PIN_4,0);
../Src/stm32f3xx_it.c(532): warning:  #188-D: enumerated type mixed with another type
  			HAL_GPIO_WritePin(GPIOD,GPIO_PIN_5,0);
../Src/stm32f3xx_it.c(533): warning:  #188-D: enumerated type mixed with another type
  			HAL_GPIO_WritePin(GPIOD,GPIO_PIN_6,1);
../Src/stm32f3xx_it.c(534): warning:  #188-D: enumerated type mixed with another type
  			HAL_GPIO_WritePin(GPIOD,GPIO_PIN_7,0);	
../Src/stm32f3xx_it.c(537): warning:  #188-D: enumerated type mixed with another type
  			HAL_GPIO_WritePin(GPIOD,GPIO_PIN_4,0);
../Src/stm32f3xx_it.c(538): warning:  #188-D: enumerated type mixed with another type
  			HAL_GPIO_WritePin(GPIOD,GPIO_PIN_5,0);
../Src/stm32f3xx_it.c(539): warning:  #188-D: enumerated type mixed with another type
  			HAL_GPIO_WritePin(GPIOD,GPIO_PIN_6,0);
../Src/stm32f3xx_it.c(540): warning:  #188-D: enumerated type mixed with another type
  			HAL_GPIO_WritePin(GPIOD,GPIO_PIN_7,1);
../Src/stm32f3xx_it.c(638): warning:  #188-D: enumerated type mixed with another type
  		HAL_GPIO_WritePin(GPIOD,GPIO_PIN_4,1);
../Src/stm32f3xx_it.c(639): warning:  #188-D: enumerated type mixed with another type
  		HAL_GPIO_WritePin(GPIOD,GPIO_PIN_5,1);
../Src/stm32f3xx_it.c(640): warning:  #188-D: enumerated type mixed with another type
  		HAL_GPIO_WritePin(GPIOD,GPIO_PIN_6,1);
../Src/stm32f3xx_it.c(641): warning:  #188-D: enumerated type mixed with another type
  		HAL_GPIO_WritePin(GPIOD,GPIO_PIN_7,1);
../Src/stm32f3xx_it.c(659): warning:  #188-D: enumerated type mixed with another type
  			HAL_GPIO_WritePin(GPIOD,GPIO_PIN_4,1);
../Src/stm32f3xx_it.c(660): warning:  #188-D: enumerated type mixed with another type
  			HAL_GPIO_WritePin(GPIOD,GPIO_PIN_5,0);
../Src/stm32f3xx_it.c(661): warning:  #188-D: enumerated type mixed with another type
  			HAL_GPIO_WritePin(GPIOD,GPIO_PIN_6,0);
../Src/stm32f3xx_it.c(662): warning:  #188-D: enumerated type mixed with another type
  			HAL_GPIO_WritePin(GPIOD,GPIO_PIN_7,0);		
../Src/stm32f3xx_it.c(665): warning:  #188-D: enumerated type mixed with another type
  			HAL_GPIO_WritePin(GPIOD,GPIO_PIN_4,0);
../Src/stm32f3xx_it.c(666): warning:  #188-D: enumerated type mixed with another type
  			HAL_GPIO_WritePin(GPIOD,GPIO_PIN_5,1);
../Src/stm32f3xx_it.c(667): warning:  #188-D: enumerated type mixed with another type
  			HAL_GPIO_WritePin(GPIOD,GPIO_PIN_6,0);
../Src/stm32f3xx_it.c(668): warning:  #188-D: enumerated type mixed with another type
  			HAL_GPIO_WritePin(GPIOD,GPIO_PIN_7,0);
../Src/stm32f3xx_it.c(671): warning:  #188-D: enumerated type mixed with another type
  			HAL_GPIO_WritePin(GPIOD,GPIO_PIN_4,0);
../Src/stm32f3xx_it.c(672): warning:  #188-D: enumerated type mixed with another type
  			HAL_GPIO_WritePin(GPIOD,GPIO_PIN_5,0);
../Src/stm32f3xx_it.c(673): warning:  #188-D: enumerated type mixed with another type
  			HAL_GPIO_WritePin(GPIOD,GPIO_PIN_6,1);
../Src/stm32f3xx_it.c(674): warning:  #188-D: enumerated type mixed with another type
  			HAL_GPIO_WritePin(GPIOD,GPIO_PIN_7,0);	
../Src/stm32f3xx_it.c(677): warning:  #188-D: enumerated type mixed with another type
  			HAL_GPIO_WritePin(GPIOD,GPIO_PIN_4,0);
../Src/stm32f3xx_it.c(678): warning:  #188-D: enumerated type mixed with another type
  			HAL_GPIO_WritePin(GPIOD,GPIO_PIN_5,0);
../Src/stm32f3xx_it.c(679): warning:  #188-D: enumerated type mixed with another type
  			HAL_GPIO_WritePin(GPIOD,GPIO_PIN_6,0);
../Src/stm32f3xx_it.c(680): warning:  #188-D: enumerated type mixed with another type
  			HAL_GPIO_WritePin(GPIOD,GPIO_PIN_7,1);
../Src/stm32f3xx_it.c(789): warning:  #188-D: enumerated type mixed with another type
  		HAL_GPIO_WritePin(GPIOD,GPIO_PIN_4,1);
../Src/stm32f3xx_it.c(790): warning:  #188-D: enumerated type mixed with another type
  		HAL_GPIO_WritePin(GPIOD,GPIO_PIN_5,1);
../Src/stm32f3xx_it.c(791): warning:  #188-D: enumerated type mixed with another type
  		HAL_GPIO_WritePin(GPIOD,GPIO_PIN_6,1);
../Src/stm32f3xx_it.c(792): warning:  #188-D: enumerated type mixed with another type
  		HAL_GPIO_WritePin(GPIOD,GPIO_PIN_7,1);
../Src/stm32f3xx_it.c(817): warning:  #223-D: function "srand" declared implicitly
  		srand(seed);
../Src/stm32f3xx_it.c(867): warning:  #188-D: enumerated type mixed with another type
  		HAL_GPIO_WritePin(GPIOD,GPIO_PIN_4,1);
../Src/stm32f3xx_it.c(868): warning:  #188-D: enumerated type mixed with another type
  		HAL_GPIO_WritePin(GPIOD,GPIO_PIN_5,1);
../Src/stm32f3xx_it.c(869): warning:  #188-D: enumerated type mixed with another type
  		HAL_GPIO_WritePin(GPIOD,GPIO_PIN_6,1);
../Src/stm32f3xx_it.c(870): warning:  #188-D: enumerated type mixed with another type
  		HAL_GPIO_WritePin(GPIOD,GPIO_PIN_7,1);
../Src/stm32f3xx_it.c(1014): warning:  #1035-D: single-precision operand implicitly converted to double-precision
  					zombieSpeed *= 0.9;
../Src/stm32f3xx_it.c: 103 warnings, 0 errors
linking...
Program Size: Code=30360 RO-data=508 RW-data=308 ZI-data=9316  
FromELF: creating hex file...
"Project3\Project3.axf" - 0 Error(s), 103 Warning(s).

<h2>Software Packages used:</h2>

Package Vendor: ARM
                http://www.keil.com/pack/ARM.CMSIS.5.3.0.pack
                ARM.CMSIS.5.3.0
                CMSIS (Cortex Microcontroller Software Interface Standard)
   * Component: CORE Version: 5.1.1

Package Vendor: Keil
                http://www.keil.com/pack/Keil.STM32F3xx_DFP.2.1.0.pack
                Keil.STM32F3xx_DFP.2.1.0
                STMicroelectronics STM32F3 Series Device Support and Examples

<h2>Collection of Component include folders:</h2>
  .\RTE\_Project3
  C:\Keil_v5\ARM\PACK\ARM\CMSIS\5.3.0\CMSIS\Include
  C:\Keil_v5\ARM\PACK\Keil\STM32F3xx_DFP\2.1.0\Drivers\CMSIS\Device\ST\STM32F3xx\Include

<h2>Collection of Component Files used:</h2>

   * Component: ARM::CMSIS:CORE:5.1.1
Build Time Elapsed:  00:00:14
</pre>
</body>
</html>
